../Core/Src/main.c:93:6:HAL_TIM_PeriodElapsedCallback	16	static
../Core/Src/main.c:103:6:HAL_GPIO_EXTI_Callback	16	static
../Core/Src/main.c:114:5:main	8	static
../Core/Src/main.c:167:6:SystemClock_Config	88	static
../Core/Src/main.c:213:13:MX_ADC1_Init	24	static
../Core/Src/main.c:265:13:MX_ADC2_Init	24	static
../Core/Src/main.c:317:13:MX_ETH_Init	8	static
../Core/Src/main.c:366:13:MX_I2C2_Init	8	static
../Core/Src/main.c:414:13:MX_TIM3_Init	32	static
../Core/Src/main.c:459:13:MX_TIM4_Init	64	static
../Core/Src/main.c:526:13:MX_USART3_UART_Init	8	static
../Core/Src/main.c:559:13:MX_USB_OTG_FS_PCD_Init	8	static
../Core/Src/main.c:594:13:MX_GPIO_Init	64	static
../Core/Src/main.c:677:6:Error_Handler	4	static,ignoring_inline_asm
